[INFO] Scanning for projects...
[INFO]
[INFO] --------------------< com.ycsopen:ycsopen-sms-core >--------------------
[INFO] Building ycsopen-sms-core 0.1.0-SNAPSHOT
[INFO]   from pom.xml
[INFO] --------------------------------[ jar ]---------------------------------
[INFO]
[INFO] --- resources:3.3.1:resources (default-resources) @ ycsopen-sms-core ---
[INFO] Copying 2 resources from src/main/resources to target/classes
[INFO] Copying 43 resources from src/main/resources to target/classes
[INFO]
[INFO] --- compiler:3.13.0:compile (default-compile) @ ycsopen-sms-core ---
[INFO] Recompiling the module because of changed source code.
[INFO] Compiling 328 source files with javac [debug parameters release 21] to target/classes
[INFO] Annotation processing is enabled because one or more processors were found
  on the class path. A future release of javac may disable annotation processing
  unless at least one processor is specified by name (-processor), or a search
  path is specified (--processor-path, --processor-module-path), or annotation
  processing is enabled explicitly (-proc:only, -proc:full).
  Use -Xlint:-options to suppress this message.
  Use -proc:none to disable annotation processing.
[INFO] /Users/laosanzheong/Documents/codebases/ycsopen-sms/core/src/main/java/com/ycsopen/sms/core/common/security/JwtTokenProvider.java: Some input files use or override a deprecated API.
[INFO] /Users/laosanzheong/Documents/codebases/ycsopen-sms/core/src/main/java/com/ycsopen/sms/core/common/security/JwtTokenProvider.java: Recompile with -Xlint:deprecation for details.
[INFO]
[INFO] --- resources:3.3.1:testResources (default-testResources) @ ycsopen-sms-core ---
[INFO] Copying 5 resources from src/test/resources to target/test-classes
[INFO]
[INFO] --- compiler:3.13.0:testCompile (default-testCompile) @ ycsopen-sms-core ---
[INFO] Recompiling the module because of changed dependency.
[INFO] Compiling 190 source files with javac [debug parameters release 21] to target/test-classes
[INFO] Annotation processing is enabled because one or more processors were found
  on the class path. A future release of javac may disable annotation processing
  unless at least one processor is specified by name (-processor), or a search
  path is specified (--processor-path, --processor-module-path), or annotation
  processing is enabled explicitly (-proc:only, -proc:full).
  Use -Xlint:-options to suppress this message.
  Use -proc:none to disable annotation processing.
[WARNING] /Users/laosanzheong/Documents/codebases/ycsopen-sms/core/src/test/java/com/ycsopen/sms/core/common/security/persistence/MessageTaskProtectionAdapterTest.java:[225,40] setMobileEncrypted(java.lang.String) in com.ycsopen.sms.core.domain.entity.MessageTask has been deprecated and marked for removal
[WARNING] /Users/laosanzheong/Documents/codebases/ycsopen-sms/core/src/test/java/com/ycsopen/sms/core/common/security/persistence/MessageTaskProtectionAdapterTest.java:[227,40] setMobileHash(java.lang.String) in com.ycsopen.sms.core.domain.entity.MessageTask has been deprecated and marked for removal
[INFO]
[INFO] --- surefire:3.2.5:test (default-test) @ ycsopen-sms-core ---
[INFO] Using auto detected provider org.apache.maven.surefire.junitplatform.JUnitPlatformProvider
[INFO]
[INFO] -------------------------------------------------------
[INFO]  T E S T S
[INFO] -------------------------------------------------------
[INFO] Running com.ycsopen.sms.core.service.webhook.WebhookDeliveryTransportServiceTest
[INFO] Tests run: 6, Failures: 0, Errors: 0, Skipped: 0, Time elapsed: 0.606 s -- in com.ycsopen.sms.core.service.webhook.WebhookDeliveryTransportServiceTest
[INFO] Running com.ycsopen.sms.core.migration.WebhookDeliveryTransportMigrationTest
[INFO] Tests run: 1, Failures: 0, Errors: 0, Skipped: 0, Time elapsed: 0.013 s -- in com.ycsopen.sms.core.migration.WebhookDeliveryTransportMigrationTest
[INFO]
[INFO] Results:
[INFO]
[INFO] Tests run: 7, Failures: 0, Errors: 0, Skipped: 0
[INFO]
[INFO] ------------------------------------------------------------------------
[INFO] BUILD SUCCESS
[INFO] ------------------------------------------------------------------------
[INFO] Total time:  8.189 s
[INFO] Finished at: 2026-09-09T21:34:52+08:00
[INFO] ------------------------------------------------------------------------
