[INFO] Scanning for projects...
[INFO] 
[INFO] --------------------< com.ycsopen:ycsopen-sms-core >--------------------
[INFO] Building ycsopen-sms-core 0.1.0-SNAPSHOT
[INFO]   from pom.xml
[INFO] --------------------------------[ jar ]---------------------------------
[INFO] 
[INFO] --- resources:3.3.1:resources (default-resources) @ ycsopen-sms-core ---
[INFO] Copying 2 resources from src/main/resources to target/classes
[INFO] Copying 62 resources from src/main/resources to target/classes
[INFO] 
[INFO] --- compiler:3.13.0:compile (default-compile) @ ycsopen-sms-core ---
[INFO] Nothing to compile - all classes are up to date.
[INFO] 
[INFO] --- resources:3.3.1:testResources (default-testResources) @ ycsopen-sms-core ---
[INFO] Copying 5 resources from src/test/resources to target/test-classes
[INFO] 
[INFO] --- compiler:3.13.0:testCompile (default-testCompile) @ ycsopen-sms-core ---
[INFO] Nothing to compile - all classes are up to date.
[INFO] 
[INFO] --- surefire:3.2.5:test (default-test) @ ycsopen-sms-core ---
[INFO] Using auto detected provider org.apache.maven.surefire.junitplatform.JUnitPlatformProvider
[INFO] 
[INFO] -------------------------------------------------------
[INFO]  T E S T S
[INFO] -------------------------------------------------------
[INFO] Running com.ycsopen.sms.core.web.controller.MessageControllerRateLimitTest
[INFO] Tests run: 1, Failures: 0, Errors: 0, Skipped: 0, Time elapsed: 0.495 s -- in com.ycsopen.sms.core.web.controller.MessageControllerRateLimitTest
[INFO] Running com.ycsopen.sms.core.service.statistics.StatisticsAggregationServiceTest
[INFO] Tests run: 3, Failures: 0, Errors: 0, Skipped: 0, Time elapsed: 0.194 s -- in com.ycsopen.sms.core.service.statistics.StatisticsAggregationServiceTest
[INFO] Running com.ycsopen.sms.core.service.message.MessageSubmitServiceTest
PERFORMANCE_ASSURANCE total=1000 acceptedPerSecond=6620.19 p95Millis=0
[INFO] Tests run: 10, Failures: 0, Errors: 0, Skipped: 0, Time elapsed: 0.408 s -- in com.ycsopen.sms.core.service.message.MessageSubmitServiceTest
[INFO] Running com.ycsopen.sms.core.service.channel.health.ChannelPoolServiceTest
[INFO] Tests run: 5, Failures: 0, Errors: 0, Skipped: 0, Time elapsed: 0.045 s -- in com.ycsopen.sms.core.service.channel.health.ChannelPoolServiceTest
[INFO] Running com.ycsopen.sms.core.service.channel.health.ChannelHealthServiceTest
[INFO] Tests run: 8, Failures: 0, Errors: 0, Skipped: 0, Time elapsed: 0.045 s -- in com.ycsopen.sms.core.service.channel.health.ChannelHealthServiceTest
[INFO] Running com.ycsopen.sms.core.service.channel.health.ChannelCandidateEligibilityServiceTest
[INFO] Tests run: 2, Failures: 0, Errors: 0, Skipped: 0, Time elapsed: 0.002 s -- in com.ycsopen.sms.core.service.channel.health.ChannelCandidateEligibilityServiceTest
[INFO] Running com.ycsopen.sms.core.service.dashboard.OperationalDashboardServiceTest
[INFO] Tests run: 6, Failures: 0, Errors: 0, Skipped: 0, Time elapsed: 0.037 s -- in com.ycsopen.sms.core.service.dashboard.OperationalDashboardServiceTest
[INFO] Running com.ycsopen.sms.core.service.routing.ApiKeyRateLimitServiceTest
[INFO] Tests run: 2, Failures: 0, Errors: 0, Skipped: 0, Time elapsed: 0.017 s -- in com.ycsopen.sms.core.service.routing.ApiKeyRateLimitServiceTest
[INFO] 
[INFO] Results:
[INFO] 
[INFO] Tests run: 37, Failures: 0, Errors: 0, Skipped: 0
[INFO] 
[INFO] ------------------------------------------------------------------------
[INFO] BUILD SUCCESS
[INFO] ------------------------------------------------------------------------
[INFO] Total time:  2.294 s
[INFO] Finished at: 2026-09-11T00:07:33+08:00
[INFO] ------------------------------------------------------------------------
