[INFO] Scanning for projects...
[INFO] 
[INFO] --------------------< com.ycsopen:ycsopen-sms-core >--------------------
[INFO] Building ycsopen-sms-core 0.1.0-SNAPSHOT
[INFO]   from pom.xml
[INFO] --------------------------------[ jar ]---------------------------------
[INFO] 
[INFO] --- resources:3.3.1:resources (default-resources) @ ycsopen-sms-core ---
[INFO] Copying 2 resources from src/main/resources to target/classes
[INFO] Copying 62 resources from src/main/resources to target/classes
[INFO] 
[INFO] --- compiler:3.13.0:compile (default-compile) @ ycsopen-sms-core ---
[INFO] Nothing to compile - all classes are up to date.
[INFO] 
[INFO] --- resources:3.3.1:testResources (default-testResources) @ ycsopen-sms-core ---
[INFO] Copying 5 resources from src/test/resources to target/test-classes
[INFO] 
[INFO] --- compiler:3.13.0:testCompile (default-testCompile) @ ycsopen-sms-core ---
[INFO] Nothing to compile - all classes are up to date.
[INFO] 
[INFO] --- surefire:3.2.5:test (default-test) @ ycsopen-sms-core ---
[INFO] Using auto detected provider org.apache.maven.surefire.junitplatform.JUnitPlatformProvider
[INFO] 
[INFO] -------------------------------------------------------
[INFO]  T E S T S
[INFO] -------------------------------------------------------
[INFO] Running com.ycsopen.sms.core.cmpp.CmppDownstreamGatewaySessionTest
[INFO] Tests run: 7, Failures: 0, Errors: 0, Skipped: 0, Time elapsed: 0.054 s -- in com.ycsopen.sms.core.cmpp.CmppDownstreamGatewaySessionTest
[INFO] Running com.ycsopen.sms.core.cmpp.CmppClientSessionTest
23:48:11.596 [main] WARN com.ycsopen.sms.core.cmpp.CmppSmsUpstreamProviderClient -- Rejecting invalid CMPP submit request: invalid CMPP destination
23:48:11.602 [main] WARN com.ycsopen.sms.core.cmpp.CmppSmsUpstreamProviderClient -- CMPP submit outcome is unknown: code=CMPP_SUBMIT_UNKNOWN, message=CMPP 提交结果未知，保留任务声明等待重连确认
[INFO] Tests run: 7, Failures: 0, Errors: 0, Skipped: 0, Time elapsed: 0.048 s -- in com.ycsopen.sms.core.cmpp.CmppClientSessionTest
[INFO] Running com.ycsopen.sms.core.web.security.HmacRequestAuthenticatorTest
[INFO] Tests run: 3, Failures: 0, Errors: 0, Skipped: 0, Time elapsed: 0.499 s -- in com.ycsopen.sms.core.web.security.HmacRequestAuthenticatorTest
[INFO] Running com.ycsopen.sms.core.web.controller.MessageControllerRateLimitTest
[INFO] Tests run: 1, Failures: 0, Errors: 0, Skipped: 0, Time elapsed: 0.078 s -- in com.ycsopen.sms.core.web.controller.MessageControllerRateLimitTest
[INFO] Running com.ycsopen.sms.core.web.controller.BlacklistRiskControlControllerSecurityContractTest
[INFO] Tests run: 1, Failures: 0, Errors: 0, Skipped: 0, Time elapsed: 0.007 s -- in com.ycsopen.sms.core.web.controller.BlacklistRiskControlControllerSecurityContractTest
[INFO] Running com.ycsopen.sms.core.web.controller.ContentSafetyControllerSecurityContractTest
[INFO] Tests run: 1, Failures: 0, Errors: 0, Skipped: 0, Time elapsed: 0.004 s -- in com.ycsopen.sms.core.web.controller.ContentSafetyControllerSecurityContractTest
[INFO] Running com.ycsopen.sms.core.web.controller.PlatformRoleControllerAuthorizationTest
[INFO] Tests run: 3, Failures: 0, Errors: 0, Skipped: 0, Time elapsed: 0.287 s -- in com.ycsopen.sms.core.web.controller.PlatformRoleControllerAuthorizationTest
[INFO] Running com.ycsopen.sms.core.web.controller.FrequencyRuleControllerSecurityContractTest
[INFO] Tests run: 1, Failures: 0, Errors: 0, Skipped: 0, Time elapsed: 0.004 s -- in com.ycsopen.sms.core.web.controller.FrequencyRuleControllerSecurityContractTest
[INFO] Running com.ycsopen.sms.core.web.controller.RoutingCircuitPolicyControllerSecurityContractTest
[INFO] Tests run: 1, Failures: 0, Errors: 0, Skipped: 0, Time elapsed: 0.003 s -- in com.ycsopen.sms.core.web.controller.RoutingCircuitPolicyControllerSecurityContractTest
[INFO] Running com.ycsopen.sms.core.web.controller.ProviderStatusTaxonomyControllerSecurityContractTest
[INFO] Tests run: 1, Failures: 0, Errors: 0, Skipped: 0, Time elapsed: 0.002 s -- in com.ycsopen.sms.core.web.controller.ProviderStatusTaxonomyControllerSecurityContractTest
[INFO] Running com.ycsopen.sms.core.web.controller.PlatformAccountControllerAuthorizationTest
[INFO] Tests run: 3, Failures: 0, Errors: 0, Skipped: 0, Time elapsed: 0.048 s -- in com.ycsopen.sms.core.web.controller.PlatformAccountControllerAuthorizationTest
[INFO] Running com.ycsopen.sms.core.web.controller.NumberAttributionControllerSecurityContractTest
[INFO] Tests run: 1, Failures: 0, Errors: 0, Skipped: 0, Time elapsed: 0.001 s -- in com.ycsopen.sms.core.web.controller.NumberAttributionControllerSecurityContractTest
[INFO] Running com.ycsopen.sms.core.web.controller.TrialPrepaidLedgerControllerSecurityContractTest
[INFO] Tests run: 3, Failures: 0, Errors: 0, Skipped: 0, Time elapsed: 0.043 s -- in com.ycsopen.sms.core.web.controller.TrialPrepaidLedgerControllerSecurityContractTest
[INFO] Running com.ycsopen.sms.core.web.HmacSignatureVerifierTest
[INFO] Tests run: 5, Failures: 0, Errors: 0, Skipped: 0, Time elapsed: 0.002 s -- in com.ycsopen.sms.core.web.HmacSignatureVerifierTest
[INFO] Running com.ycsopen.sms.core.common.security.JwtSecurityBoundaryTest

  .   ____          _            __ _ _
 /\\ / ___'_ __ _ _(_)_ __  __ _ \ \ \ \
( ( )\___ | '_ | '_| | '_ \/ _` | \ \ \ \
 \\/  ___)| |_)| | | | | || (_| |  ) ) ) )
  '  |____| .__|_| |_|_| |_\__, | / / / /
 =========|_|==============|___/=/_/_/_/

 :: Spring Boot ::                (v3.3.4)

2026-09-10T23:48:12.748+08:00 INFO  c.y.s.c.common.security.JwtSecurityBoundaryTest - Starting JwtSecurityBoundaryTest using Java 21.0.10 with PID 55969 (started by laosanzheong in /Users/laosanzheong/Documents/codebases/ycsopen-sms/core)
2026-09-10T23:48:12.750+08:00 DEBUG c.y.s.c.common.security.JwtSecurityBoundaryTest - Running with Spring Boot v3.3.4, Spring v6.1.13
2026-09-10T23:48:12.754+08:00 INFO  c.y.s.c.common.security.JwtSecurityBoundaryTest - The following 1 profile is active: "dev"
2026-09-10T23:48:12.756+08:00 INFO  org.hibernate.validator.internal.util.Version - HV000001: Hibernate Validator 8.0.1.Final
2026-09-10T23:48:12.938+08:00 INFO  o.s.d.r.config.RepositoryConfigurationDelegate - Multiple Spring Data modules found, entering strict repository configuration mode
2026-09-10T23:48:12.939+08:00 INFO  o.s.d.r.config.RepositoryConfigurationDelegate - Bootstrapping Spring Data Redis repositories in DEFAULT mode.
2026-09-10T23:48:13.038+08:00 INFO  o.s.d.r.config.RepositoryConfigurationDelegate - Finished Spring Data repository scanning in 92 ms. Found 0 Redis repository interfaces.
2026-09-10T23:48:13.131+08:00 WARN  o.s.b.a.s.s.UserDetailsServiceAutoConfiguration -   Using generated security [redacted]  This generated password is for development use only. Your security configuration must be updated before running your application in production. 
2026-09-10T23:48:13.133+08:00 INFO  o.s.s.c.a.a.c.InitializeUserDetailsBeanManagerConfigurer$InitializeUserDetailsManagerConfigurer - Global AuthenticationManager configured with UserDetailsService bean with name inMemoryUserDetailsManager
2026-09-10T23:48:13.565+08:00 INFO  org.quartz.impl.StdSchedulerFactory - Using default implementation for ThreadExecutor
2026-09-10T23:48:13.569+08:00 INFO  org.quartz.core.SchedulerSignalerImpl - Initialized Scheduler Signaller of type: class org.quartz.core.SchedulerSignalerImpl
2026-09-10T23:48:13.569+08:00 INFO  org.quartz.core.QuartzScheduler - Quartz Scheduler v.2.3.2 created.
2026-09-10T23:48:13.569+08:00 INFO  org.quartz.simpl.RAMJobStore - RAMJobStore initialized.
2026-09-10T23:48:13.570+08:00 INFO  org.quartz.core.QuartzScheduler - Scheduler meta-data: Quartz Scheduler (v2.3.2) 'quartzScheduler' with instanceId 'NON_CLUSTERED'   Scheduler class: 'org.quartz.core.QuartzScheduler' - running locally.   NOT STARTED.   Currently in standby mode.   Number of jobs executed: 0   Using thread pool 'org.quartz.simpl.SimpleThreadPool' - with 10 threads.   Using job-store 'org.quartz.simpl.RAMJobStore' - which does not support persistence. and is not clustered. 
2026-09-10T23:48:13.570+08:00 INFO  org.quartz.impl.StdSchedulerFactory - Quartz scheduler 'quartzScheduler' initialized from an externally provided properties instance.
2026-09-10T23:48:13.570+08:00 INFO  org.quartz.impl.StdSchedulerFactory - Quartz scheduler version: 2.3.2
2026-09-10T23:48:13.570+08:00 INFO  org.quartz.core.QuartzScheduler - JobFactory set to: org.springframework.scheduling.quartz.SpringBeanJobFactory@4615bc00
2026-09-10T23:48:13.587+08:00 INFO  o.s.b.test.mock.web.SpringBootMockServletContext - Initializing Spring TestDispatcherServlet ''
2026-09-10T23:48:13.588+08:00 INFO  o.s.test.web.servlet.TestDispatcherServlet - Initializing Servlet ''
2026-09-10T23:48:13.588+08:00 INFO  o.s.test.web.servlet.TestDispatcherServlet - Completed initialization in 0 ms
2026-09-10T23:48:13.591+08:00 INFO  o.s.scheduling.quartz.SchedulerFactoryBean - Starting Quartz Scheduler now
2026-09-10T23:48:13.591+08:00 INFO  org.quartz.core.QuartzScheduler - Scheduler quartzScheduler_$_NON_CLUSTERED started.
2026-09-10T23:48:13.595+08:00 INFO  c.y.s.c.common.security.JwtSecurityBoundaryTest - Started JwtSecurityBoundaryTest in 0.957 seconds (process running for 2.388)
[INFO] Tests run: 8, Failures: 0, Errors: 0, Skipped: 0, Time elapsed: 1.080 s -- in com.ycsopen.sms.core.common.security.JwtSecurityBoundaryTest
[INFO] Running com.ycsopen.sms.core.service.tenant.TenantEligibilityPolicyTest
[INFO] Tests run: 13, Failures: 0, Errors: 0, Skipped: 0, Time elapsed: 0.065 s -- in com.ycsopen.sms.core.service.tenant.TenantEligibilityPolicyTest
[INFO] Running com.ycsopen.sms.core.service.template.TemplateSendComplianceServiceTest
[INFO] Tests run: 2, Failures: 0, Errors: 0, Skipped: 0, Time elapsed: 0.041 s -- in com.ycsopen.sms.core.service.template.TemplateSendComplianceServiceTest
[INFO] Running com.ycsopen.sms.core.service.unsubscribe.UnsubscribeComplianceServiceTest
[INFO] Tests run: 4, Failures: 0, Errors: 0, Skipped: 0, Time elapsed: 0.385 s -- in com.ycsopen.sms.core.service.unsubscribe.UnsubscribeComplianceServiceTest
[INFO] Running com.ycsopen.sms.core.service.audit.OperationAuditSecurityTest
[INFO] Tests run: 3, Failures: 0, Errors: 0, Skipped: 0, Time elapsed: 0.041 s -- in com.ycsopen.sms.core.service.audit.OperationAuditSecurityTest
[INFO] Running com.ycsopen.sms.core.service.routing.ApiKeyRateLimitServiceTest
[INFO] Tests run: 2, Failures: 0, Errors: 0, Skipped: 0, Time elapsed: 0.014 s -- in com.ycsopen.sms.core.service.routing.ApiKeyRateLimitServiceTest
[INFO] Running com.ycsopen.sms.core.service.risk.BlacklistRiskControlServiceTest
[INFO] Tests run: 4, Failures: 0, Errors: 0, Skipped: 0, Time elapsed: 0.041 s -- in com.ycsopen.sms.core.service.risk.BlacklistRiskControlServiceTest
[INFO] 
[INFO] Results:
[INFO] 
[INFO] Tests run: 74, Failures: 0, Errors: 0, Skipped: 0
[INFO] 
[INFO] ------------------------------------------------------------------------
[INFO] BUILD SUCCESS
[INFO] ------------------------------------------------------------------------
[INFO] Total time:  3.835 s
[INFO] Finished at: 2026-09-10T23:48:14+08:00
[INFO] ------------------------------------------------------------------------
